
== 12. GET /health
HTTP 000

== 1. POST /api/auth/login (admin)
HTTP 000
[33madmin token missing (check response)[0m

== 2. POST /api/auth/test-login (uid_001)
HTTP 000
[33muser token missing (check response)[0m

== 3. POST /api/auth/login wrong password
HTTP 000

== 18. GET /api/metrics/summary (no token)
HTTP 000

== 4. GET /api/metrics/summary (uid_001 token)
HTTP 000

== 5. GET /api/metrics/trend?range=7d
HTTP 000

== 6. GET /api/metrics/details
HTTP 000

== 7. GET /api/metrics/model-distribution
HTTP 000

== 8. GET /api/admin/users?month=4
HTTP 000

== 9. GET /api/admin/departments?month=4
HTTP 000

== 10. GET /api/admin/quota-levels
HTTP 000

== 11. GET /api/admin/leaderboard
HTTP 000

== 13. GET /api/admin/email-template
HTTP 000

== 14. GET /api/admin/email-template/variables
HTTP 000

== 15. POST /api/admin/email-template/preview
HTTP 000

== 16. PUT /api/admin/email-template
HTTP 000

== 17. uid_001 token access /api/admin/users should be 403
HTTP 000

== DONE
